168 configs, D = 12.0
{"cfg": [["LBF254-050", 0], ["AC254-150", 0], ["AC254-150", 0]], "cost": 1449.4, "u": [0.3, 0.3, 0.3, 191.97, 30.0]}
{"cfg": [["LBF254-050", 1], ["AC254-150", 0], ["AC254-150", 0]], "cost": 1766.7, "u": [1.39, 0.47, 0.3, 190.61, 30.0]}
{"cfg": [["LB1471", 0], ["AC254-150", 0], ["AC254-150", 0]], "cost": 1452.0, "u": [0.3, 0.3, 0.3, 192.0, 30.0]}
{"cfg": [["LA1131", 0], ["AC254-150", 0], ["AC254-150", 0]], "cost": 2026.0, "u": [1.6, 0.3, 0.3, 190.4, 30.01]}
{"cfg": [["LA1131", 1], ["AC254-150", 0], ["AC254-150", 0]], "cost": 1531.9, "u": [1.62, 0.58, 0.3, 190.76, 30.0]}
{"cfg": [["LE1234", 0], ["AC254-150", 0], ["AC254-150", 0]], "cost": 503.1, "u": [0.32, 26.07, 0.3, 191.69, 44.2]}
{"cfg": [["LE1234", 1], ["AC254-150", 0], ["AC254-150", 0]], "cost": 635.4, "u": [1.0, 25.31, 0.3, 192.06, 43.33]}
{"cfg": [["LE1104", 0], ["AC254-150", 0], ["AC254-150", 0]], "cost": 255.0, "u": [1.98, 78.68, 6.11, 190.02, 57.46]}
{"cfg": [["LE1104", 1], ["AC254-150", 0], ["AC254-150", 0]], "cost": 298.2, "u": [1.32, 79.99, 0.3, 190.68, 58.9]}
{"cfg": [["LBF254-100", 0], ["AC254-150", 0], ["AC254-150", 0]], "cost": 301.6, "u": [0.3, 70.14, 0.3, 201.63, 38.99]}
{"cfg": [["LBF254-100", 1], ["AC254-150", 0], ["AC254-150", 0]], "cost": 411.4, "u": [1.97, 38.81, 8.99, 200.03, 38.2]}
{"cfg": [["LBF254-200", 0], ["AC254-150", 0], ["AC254-150", 0]], "cost": 230.7, "u": [0.3, 0.42, 7.81, 191.7, 67.65]}
{"cfg": [["LBF254-200", 1], ["AC254-150", 0], ["AC254-150", 0]], "cost": 239.7, "u": [0.3, 1.59, 9.14, 191.7, 67.14]}
{"cfg": [["LB1294", 0], ["AC254-150", 0], ["AC254-150", 0]], "cost": 275.2, "u": [0.3, 0.3, 6.71, 191.71, 63.54]}
{"cfg": [["LE1015", 0], ["AC254-150", 0], ["AC254-150", 0]], "cost": 231.4, "u": [0.3, 0.38, 8.13, 191.7, 67.68]}
{"cfg": [["LE1015", 1], ["AC254-150", 0], ["AC254-150", 0]], "cost": 55.0, "u": [0.39, 0.61, 80.0, 191.61, 39.83]}
{"cfg": [["LC1715", 0], ["AC254-150", 0], ["AC254-150", 0]], "cost": 10288.9, "u": [0.31, 5.36, 0.31, 201.69, 30.0]}
{"cfg": [["LC1715", 1], ["AC254-150", 0], ["AC254-150", 0]], "cost": 9834.0, "u": [0.3, 4.98, 0.3, 200.1, 30.0]}
{"cfg": [["LC1120", 0], ["AC254-150", 0], ["AC254-150", 0]], "cost": 282.8, "u": [0.46, 63.75, 1.04, 191.75, 168.78]}
{"cfg": [["LC1120", 1], ["AC254-150", 0], ["AC254-150", 0]], "cost": 5923.2, "u": [0.3, 12.8, 0.3, 196.39, 147.41]}
{"cfg": [["LF1822", 0], ["AC254-150", 0], ["AC254-150", 0]], "cost": 303.4, "u": [0.34, 64.25, 0.69, 196.25, 169.94]}
{"cfg": [["LF1822", 1], ["AC254-150", 0], ["AC254-150", 0]], "cost": 291.0, "u": [0.31, 59.11, 0.55, 197.22, 170.0]}
{"cfg": [["LD1613", 0], ["AC254-150", 0], ["AC254-150", 0]], "cost": 3540.2, "u": [0.39, 30.54, 0.3, 191.61, 170.0]}
{"cfg": [["LD1464", 0], ["AC254-150", 0], ["AC254-150", 0]], "cost": 9957.7, "u": [0.4, 5.33, 0.3, 201.11, 30.0]}
{"cfg": [["LF1097", 0], ["AC254-150", 0], ["AC254-150", 0]], "cost": 2678.3, "u": [0.32, 4.67, 2.77, 201.68, 170.0]}
{"cfg": [["LF1097", 1], ["AC254-150", 0], ["AC254-150", 0]], "cost": 343.3, "u": [0.34, 26.83, 0.3, 191.76, 165.24]}
{"cfg": [["LA1229", 0], ["AC254-150", 0], ["AC254-150", 0]], "cost": 220.8, "u": [0.3, 80.0, 12.62, 191.93, 61.49]}
{"cfg": [["LA1229", 1], ["AC254-150", 0], ["AC254-150", 0]], "cost": 209.6, "u": [3.74, 74.5, 23.42, 196.47, 56.84]}
{"cfg": [["AC254-150", 0], ["LBF254-050", 0], ["AC254-150", 0]], "cost": 1116.2, "u": [0.79, 11.76, 0.3, 191.21, 30.0]}
{"cfg": [["AC254-150", 0], ["LBF254-050", 1], ["AC254-150", 0]], "cost": 1065.5, "u": [3.35, 79.83, 0.3, 188.65, 30.0]}
{"cfg": [["AC254-150", 0], ["LB1471", 0], ["AC254-150", 0]], "cost": 953.7, "u": [0.54, 80.0, 0.3, 191.46, 30.1]}
{"cfg": [["AC254-150", 0], ["LA1131", 0], ["AC254-150", 0]], "cost": 1378.8, "u": [0.3, 50.9, 0.3, 201.12, 30.28]}
{"cfg": [["AC254-150", 0], ["LA1131", 1], ["AC254-150", 0]], "cost": 1035.3, "u": [0.31, 78.94, 0.43, 191.93, 30.08]}
{"cfg": [["AC254-150", 0], ["LE1234", 0], ["AC254-150", 0]], "cost": 367.8, "u": [0.3, 77.39, 11.64, 191.7, 41.61]}
{"cfg": [["AC254-150", 0], ["LE1234", 1], ["AC254-150", 0]], "cost": 508.0, "u": [0.3, 80.0, 8.34, 201.7, 43.19]}
{"cfg": [["AC254-150", 0], ["LE1104", 0], ["AC254-150", 0]], "cost": 239.0, "u": [1.51, 80.0, 1.25, 190.49, 59.31]}
{"cfg": [["AC254-150", 0], ["LE1104", 1], ["AC254-150", 0]], "cost": 351.9, "u": [0.3, 0.3, 45.81, 194.29, 42.91]}
{"cfg": [["AC254-150", 0], ["LBF254-100", 0], ["AC254-150", 0]], "cost": 354.9, "u": [0.3, 80.0, 4.64, 192.03, 45.6]}
{"cfg": [["AC254-150", 0], ["LBF254-100", 1], ["AC254-150", 0]], "cost": 299.4, "u": [0.68, 79.8, 36.94, 191.32, 30.0]}
{"cfg": [["AC254-150", 0], ["LBF254-200", 0], ["AC254-150", 0]], "cost": 60.6, "u": [2.13, 79.99, 37.32, 191.05, 57.17]}
