[('AC254-075-B', 0)] 44.7 [  1.5   1.3 204.8 108.9]
[('LE1234', 0)] 620.2 [  1.1   0.9 205.  160. ]
[('AC254-150', 0), ('AC508-150-B', 0)] 10.2 [  5.4   0.6 204.4 107.8]
[('AC254-150', 0), ('LE1234', 0)] 153.3 [  1.8  60.  195.   78.7]
[('AC254-150', 0), ('LA1229', 0)] 105.0 [  9.9   0.3 202.7 125.5]
[('AC254-150', 1), ('AC508-150-B', 0)] 21.1 [  3.4   5.2 205.  107.2]
[('AC254-150', 1), ('LE1234', 0)] 148.9 [  0.3  59.9 195.   78.4]
[('AC254-150', 1), ('LA1229', 0)] 86.6 [ 10.    0.3 204.2 123.3]
[('AC508-150-B', 0), ('AC508-150-B', 0)] 10.8 [  6.1   0.4 204.6 107.8]
[('AC508-150-B', 0), ('LE1234', 0)] 156.3 [  0.3  60.  198.3  78.2]
[('AC508-150-B', 0), ('LA1229', 0)] 100.9 [ 10.    1.5 204.5 124.5]
[('AC508-150-B', 1), ('AC508-150-B', 0)] 19.1 [  8.8  12.3 198.9 106.7]
[('AC508-150-B', 1), ('LE1234', 0)] 160.1 [  0.3  60.  195.   78.2]
[('AC508-150-B', 1), ('LA1229', 0)] 101.2 [ 10.    0.3 202.3 125.5]
[('LBF254-100', 0), ('AC508-150-B', 0)] 50.3 [  0.5  60.  195.   64. ]
[('LBF254-100', 0), ('LE1104', 0)] 75.2 [  0.7  60.  199.1  67. ]
[('LBF254-100', 1), ('AC254-150', 0)] 83.0 [  0.4  60.  195.   65.7]
[('LBF254-100', 1), ('LBF254-200', 0)] 45.6 [  2.6  41.  195.3  82.4]
[('LBF254-100', 1), ('LA1229', 0)] 44.4 [  1.1  58.5 196.3  73.8]
[('LBF254-200', 0), ('LE1234', 0)] 120.1 [  0.3   2.4 195.   94.8]
[('LBF254-200', 1), ('LE1234', 0)] 124.9 [  0.3  14.2 195.   94.5]
[('LE1234', 0), ('AC508-150-B', 0)] 123.7 [  0.4  60.  195.   60.6]
[('LE1234', 1), ('AC254-150', 0)] 229.2 [  4.6  59.9 195.4  59.2]
[('LE1234', 1), ('LBF254-200', 0)] 147.6 [  0.5  54.6 195.3  70.8]
[('LE1104', 0), ('AC508-150-B', 0)] 34.2 [  5.7   0.5 204.5 107.3]
[('LE1104', 1), ('AC254-150', 0)] 46.4 [  2.    3.2 204.3 109. ]
[('LE1104', 1), ('LBF254-100', 0)] 159.3 [  0.7  60.  195.4  79.5]
[('LA1229', 0), ('AC508-150-B', 0)] 108.2 [ 10.    0.3 204.  122.1]
[('LA1229', 1), ('AC254-150', 0)] 85.7 [ 10.    0.6 204.2 123.9]
[('LA1229', 1), ('LBF254-100', 0)] 97.9 [  0.5  60.  195.2  90.3]
