[('AC254-075-B', 0)] 240.1 [ 40.   0. 160.  -0.]
[('AC508-150-B', 0)] 5043.4 [ 40.   0. 160.  -0.]
[('LB1471', 0)] 173.6 [  0.    0.5 140.   -5.2]
[('LE1234', 0)] 1456.2 [ 40.   0. 160.  -0.]
[('AC254-050', 1), ('AC254-050', 0)] 405.7 [  0.8  76.  140.6  -6. ]
[('AC254-050', 1), ('AC254-075-B', 0)] 481.7 [  0.   77.5 140.1  -0.3]
[('AC254-050', 1), ('AC254-150', 0)] 462.7 [  0.   77.1 140.1  -0.4]
[('AC254-050', 1), ('AC508-150-B', 0)] 449.8 [  0.   77.  140.   -0.8]
[('AC254-050', 1), ('LBF254-050', 0)] 360.7 [  0.   73.8 146.9  -6. ]
[('AC254-050', 1), ('LB1471', 0)] 477.4 [  0.   75.3 140.1  -0. ]
[('AC254-050', 1), ('LA1131', 0)] 353.8 [  0.   72.5 150.5  -6. ]
[('AC254-050', 1), ('LE1234', 0)] 333.6 [  0.   77.1 140.   -6. ]
[('AC254-075-B', 1), ('AC254-050', 0)] 152.9 [ 1.000e-01  1.039e+02  1.400e+02 -1.600e+00]
[('AC254-075-B', 1), ('AC254-075-B', 0)] 135.4 [  0.   85.5 140.9  -4.5]
[('AC254-075-B', 1), ('AC254-150', 0)] 249.4 [ 4.000e-01  3.730e+01  1.519e+02 -1.000e-01]
[('AC254-075-B', 1), ('AC508-150-B', 0)] 199.7 [  1.3  46.1 157.3  -3.9]
[('AC254-075-B', 1), ('LBF254-050', 0)] 207.0 [ 2.000e-01  1.067e+02  1.400e+02 -1.000e-01]
[('AC254-075-B', 1), ('LB1471', 0)] 115.6 [  0.   99.5 144.   -5.2]
[('AC254-075-B', 1), ('LA1131', 0)] 134.5 [  5.4 101.3 149.8  -5.9]
[('AC254-075-B', 1), ('LE1234', 0)] 155.7 [ 10.9  78.1 140.   -3.8]
[('AC254-150', 1), ('AC254-050', 0)] 411.4 [  0.    0.  140.   -0.8]
[('AC254-150', 1), ('AC254-075-B', 0)] 47.0 [  0.   0. 140.  -0.]
[('AC254-150', 1), ('AC254-150', 0)] 107.2 [ 39.6   0.  160.   -1.2]
[('AC254-150', 1), ('AC508-150-B', 0)] 110.2 [ 39.9   0.5 160.   -1.4]
[('AC254-150', 1), ('LBF254-050', 0)] 455.0 [  0.   23.  140.   -1.9]
[('AC254-150', 1), ('LB1471', 0)] 504.0 [  0.2  40.1 141.3  -2.6]
[('AC254-150', 1), ('LA1131', 0)] 720.0 [  0.   37.3 140.   -6. ]
[('AC254-150', 1), ('LE1234', 0)] 40.7 [  6.3   0.  157.4  -2.3]
[('AC508-150-B', 1), ('AC254-050', 0)] 427.0 [  0.    3.5 140.   -0.8]
[('AC508-150-B', 1), ('AC254-075-B', 0)] 74.5 [ 0.0e+00  0.0e+00  1.4e+02 -1.0e-01]
[('AC508-150-B', 1), ('AC254-150', 0)] 106.5 [ 3.99e+01  0.00e+00  1.60e+02 -1.00e-01]
[('AC508-150-B', 1), ('AC508-150-B', 0)] 85.6 [ 39.6   0.  160.   -1.1]
[('AC508-150-B', 1), ('LBF254-050', 0)] 472.9 [  0.   24.3 140.   -1.9]
[('AC508-150-B', 1), ('LB1471', 0)] 535.1 [  0.  107.9 145.5  -3.2]
[('AC508-150-B', 1), ('LA1131', 0)] 813.0 [  0.   37.8 160.   -4.6]
[('AC508-150-B', 1), ('LE1234', 0)] 45.4 [  2.    1.6 160.   -2.2]
[('LBF254-050', 1), ('AC254-050', 0)] 574.6 [  0.   75.3 140.   -0. ]
[('LBF254-050', 1), ('AC254-075-B', 0)] 419.2 [  0.   75.2 142.2  -6. ]
[('LBF254-050', 1), ('AC254-150', 0)] 558.5 [  0.   72.4 140.5  -0. ]
[('LBF254-050', 1), ('AC508-150-B', 0)] 537.0 [  0.   72.  140.   -0.6]
[('LBF254-050', 1), ('LBF254-050', 0)] 403.7 [  0.7  73.  140.9  -6. ]
[('LBF254-050', 1), ('LB1471', 0)] 421.0 [  0.   72.8 145.7  -6. ]
[('LBF254-050', 1), ('LA1131', 0)] 399.8 [  0.   71.8 140.7  -6. ]
[('LBF254-050', 1), ('LE1234', 0)] 500.9 [  0.5  75.6 140.   -2.5]
[('LB1471', 1), ('AC254-050', 0)] 151.3 [  1.6  73.6 143.8  -6. ]
[('LB1471', 1), ('AC254-075-B', 0)] 176.6 [  0.9  72.1 140.   -5.7]
[('LB1471', 1), ('AC254-150', 0)] 272.6 [  0.   71.9 140.4  -0. ]
[('LB1471', 1), ('AC508-150-B', 0)] 162.2 [  0.8  72.6 140.   -5.8]
[('LB1471', 1), ('LBF254-050', 0)] 144.5 [  0.4  72.7 142.8  -6. ]
[('LB1471', 1), ('LB1471', 0)] 145.5 [  3.4  72.9 142.9  -5.9]
[('LB1471', 1), ('LA1131', 0)] 147.2 [  7.6  72.7 142.3  -5.9]
[('LB1471', 1), ('LE1234', 0)] 171.6 [  2.5  74.8 140.   -6. ]
[('LA1131', 1), ('AC254-050', 0)] 167.1 [  1.3  73.1 144.5  -5.8]
[('LA1131', 1), ('AC254-075-B', 0)] 309.3 [ 0.00e+00  7.46e+01  1.40e+02 -1.00e-01]
[('LA1131', 1), ('AC254-150', 0)] 200.6 [  0.   72.7 143.1  -6. ]
[('LA1131', 1), ('AC508-150-B', 0)] 295.6 [  0.   72.  140.   -0.4]
[('LA1131', 1), ('LBF254-050', 0)] 305.5 [  0.   73.5 140.2  -0.2]
[('LA1131', 1), ('LB1471', 0)] 299.7 [  0.   72.9 140.   -0.4]
[('LA1131', 1), ('LA1131', 0)] 174.0 [  3.5  71.5 144.   -6. ]
[('LA1131', 1), ('LE1234', 0)] 205.5 [  3.3  73.8 140.1  -6. ]
[('LE1234', 1), ('AC254-050', 0)] 248.4 [  3.9 119.3 142.   -4.5]
[('LE1234', 1), ('AC254-075-B', 0)] 215.0 [  0.   91.3 140.   -0.4]
[('LE1234', 1), ('AC254-150', 0)] 154.9 [ 12.4   1.1 150.4  -5.8]
[('LE1234', 1), ('AC508-150-B', 0)] 166.8 [ 13.2  20.  156.2  -5.7]
[('LE1234', 1), ('LBF254-050', 0)] 233.3 [  0.  120.  141.9  -5. ]
[('LE1234', 1), ('LB1471', 0)] 227.3 [ 1.000e-01  1.200e+02  1.444e+02 -5.500e+00]
[('LE1234', 1), ('LA1131', 0)] 325.6 [  0.2 114.3 152.8  -6. ]
[('LE1234', 1), ('LE1234', 0)] 116.7 [  0.4  43.5 145.9  -6. ]
