[('LBF254-100', 1)] 698.7 [  1.1   0.9 205.  160. ]
[('AC254-150', 0), ('AC254-150', 1)] 31.7 [  3.5   0.4 204.8 111.1]
[('AC254-150', 0), ('LBF254-100', 1)] 148.9 [  0.4  60.  195.   81.9]
[('AC254-150', 0), ('LE1104', 1)] 62.9 [  4.6  13.8 204.7 111.1]
[('AC254-150', 1), ('AC254-150', 1)] 35.3 [ 10.   18.9 199.9 109.2]
[('AC254-150', 1), ('LBF254-100', 1)] 157.5 [  1.2  60.  195.   81. ]
[('AC254-150', 1), ('LE1104', 1)] 53.7 [ 10.   35.7 202.7 108.6]
[('AC508-150-B', 0), ('AC254-150', 1)] 30.2 [  5.8   2.8 203.9 110.7]
[('AC508-150-B', 0), ('LBF254-100', 1)] 144.6 [  0.4  60.  195.   82.1]
[('AC508-150-B', 0), ('LE1104', 1)] 62.7 [  4.5  11.3 205.  111.2]
[('AC508-150-B', 1), ('AC254-150', 1)] 32.7 [  9.9  18.4 198.3 109.7]
[('AC508-150-B', 1), ('LBF254-100', 1)] 165.6 [  0.3  60.  195.   80.9]
[('AC508-150-B', 1), ('LE1104', 1)] 57.0 [ 10.   31.3 199.3 109.4]
[('LBF254-100', 0), ('AC254-150', 1)] 52.9 [  0.4  60.  195.   68.1]
[('LBF254-100', 0), ('LBF254-200', 1)] 26.9 [  0.3  45.7 202.4  81.8]
[('LBF254-100', 0), ('LA1229', 1)] 21.9 [  0.7  57.2 197.9  74.1]
[('LBF254-100', 1), ('AC508-150-B', 1)] 68.8 [  0.3  60.  195.2  66.3]
[('LBF254-100', 1), ('LE1104', 1)] 84.7 [  0.5  60.  195.   69.6]
[('LBF254-200', 0), ('LBF254-100', 1)] 111.8 [  0.3  56.2 195.   97.9]
[('LBF254-200', 1), ('LBF254-100', 1)] 116.4 [  0.5  60.  195.   97.4]
[('LE1234', 0), ('AC254-150', 1)] 126.5 [  0.3  60.  195.   64.5]
[('LE1234', 0), ('LBF254-200', 1)] 92.5 [  0.3  38.  195.5  81.8]
[('LE1234', 1), ('AC508-150-B', 1)] 193.9 [  0.3  60.  195.   60.3]
[('LE1104', 0), ('AC254-150', 1)] 51.4 [  4.3   0.4 204.7 110.8]
[('LE1104', 0), ('LBF254-100', 1)] 172.6 [  1.6  60.  195.6  81.3]
[('LE1104', 1), ('AC508-150-B', 1)] 62.2 [ 10.   12.7 199.2 108.9]
[('LA1229', 0), ('AC254-150', 1)] 123.3 [ 10.    0.3 202.  125.1]
[('LA1229', 0), ('LBF254-100', 1)] 131.3 [  0.4  59.9 195.2  90.6]
[('LA1229', 1), ('AC508-150-B', 1)] 141.0 [ 10.    0.5 200.2 127.2]
