[('LBF254-100', 0)] 734.6 [  1.4   0.7 205.  160. ]
[('AC254-150', 0), ('AC254-150', 0)] 8.7 [  5.4   2.7 204.4 110.1]
[('AC254-150', 0), ('LBF254-100', 0)] 128.7 [  0.3  60.  195.1  81.6]
[('AC254-150', 0), ('LE1104', 0)] 15.0 [  5.3   0.6 203.6 111.7]
[('AC254-150', 1), ('AC254-150', 0)] 19.7 [  2.7   5.2 205.  109.5]
[('AC254-150', 1), ('LBF254-100', 0)] 133.1 [  0.3  59.8 195.   80.5]
[('AC254-150', 1), ('LE1104', 0)] 12.6 [  1.7   1.7 205.  111.4]
[('AC508-150-B', 0), ('AC254-150', 0)] 9.0 [  5.3   0.7 205.  110.2]
[('AC508-150-B', 0), ('LBF254-100', 0)] 121.0 [  0.3  60.  195.   81.7]
[('AC508-150-B', 0), ('LE1104', 0)] 28.9 [  3.1   0.3 205.  112.6]
[('AC508-150-B', 1), ('AC254-150', 0)] 17.6 [  5.7  12.6 201.7 109.2]
[('AC508-150-B', 1), ('LBF254-100', 0)] 147.0 [  0.3  60.  195.3  80.5]
[('AC508-150-B', 1), ('LE1104', 0)] 11.5 [  1.2   8.9 205.  111. ]
[('LBF254-100', 0), ('AC254-150', 0)] 53.7 [  0.7  59.7 195.   66.5]
[('LBF254-100', 0), ('LBF254-200', 0)] 23.5 [  1.   33.6 196.6  86.2]
[('LBF254-100', 0), ('LA1229', 0)] 29.2 [  1.7  53.3 195.4  76.5]
[('LBF254-100', 1), ('AC508-150-B', 0)] 87.0 [  1.7  60.  195.   62.6]
[('LBF254-100', 1), ('LE1104', 0)] 89.1 [  0.5  59.4 195.3  67.5]
[('LBF254-200', 0), ('LBF254-100', 0)] 74.4 [  0.3  15.2 195.   97.5]
[('LBF254-200', 1), ('LBF254-100', 0)] 81.1 [  0.3  50.7 195.   97. ]
[('LE1234', 0), ('AC254-150', 0)] 130.8 [  0.3  60.  195.   61.8]
[('LE1234', 0), ('LBF254-200', 0)] 88.0 [  0.6  40.3 195.8  80. ]
[('LE1234', 1), ('AC508-150-B', 0)] 205.1 [  0.3  60.  195.2  57. ]
[('LE1104', 0), ('AC254-150', 0)] 32.1 [  5.3   0.7 204.6 109.8]
[('LE1104', 0), ('LBF254-100', 0)] 137.8 [  0.4  59.9 195.1  81.1]
[('LE1104', 1), ('AC508-150-B', 0)] 49.0 [  1.5   0.5 204.6 106.8]
[('LA1229', 0), ('AC254-150', 0)] 82.8 [  9.5   0.6 205.  122.6]
[('LA1229', 0), ('LBF254-100', 0)] 101.8 [  0.4  59.8 195.   89.9]
[('LA1229', 1), ('AC508-150-B', 0)] 104.3 [ 10.    0.6 202.3 122.2]
