[('AC254-075-B', 1)] 149.6 [  0.3   1.7 195.4 108. ]
[('LE1234', 1)] 491.5 [ 10.    0.5 204.9 158.4]
[('AC254-150', 0), ('AC508-150-B', 1)] 32.8 [ 10.    0.4 200.1 111.6]
[('AC254-150', 0), ('LE1234', 1)] 240.7 [  0.4  60.  195.   79.5]
[('AC254-150', 0), ('LA1229', 1)] 75.0 [ 10.    0.6 205.  124.6]
[('AC254-150', 1), ('AC508-150-B', 1)] 37.4 [  2.2   0.8 205.  110.9]
[('AC254-150', 1), ('LE1234', 1)] 261.0 [  0.3  60.  195.   77.9]
[('AC254-150', 1), ('LA1229', 1)] 72.6 [ 10.    1.2 204.4 123.9]
[('AC508-150-B', 0), ('AC508-150-B', 1)] 25.7 [  6.3   3.1 204.9 110.8]
[('AC508-150-B', 0), ('LE1234', 1)] 235.3 [  0.3  60.  196.2  80.5]
[('AC508-150-B', 0), ('LA1229', 1)] 89.5 [ 10.    0.9 203.9 125.5]
[('AC508-150-B', 1), ('AC508-150-B', 1)] 24.2 [  9.9  30.3 202.7 108. ]
[('AC508-150-B', 1), ('LE1234', 1)] 259.8 [  0.3  60.  195.   78.5]
[('AC508-150-B', 1), ('LA1229', 1)] 97.4 [  8.1   0.4 201.5 126.3]
[('LBF254-100', 0), ('AC508-150-B', 1)] 41.6 [  0.3  60.  195.   67.5]
[('LBF254-100', 0), ('LE1104', 1)] 80.2 [  2.9  60.  195.   69.8]
[('LBF254-100', 1), ('AC254-150', 1)] 86.0 [  1.8  60.  195.   66.7]
[('LBF254-100', 1), ('LBF254-200', 1)] 47.1 [  2.   47.4 199.   80.4]
[('LBF254-100', 1), ('LA1229', 1)] 43.5 [  1.1  59.6 196.4  72.4]
[('LBF254-200', 0), ('LE1234', 1)] 242.7 [  0.3  39.9 195.   93.9]
[('LBF254-200', 1), ('LE1234', 1)] 245.9 [  0.3  53.6 195.   94.3]
[('LE1234', 0), ('AC508-150-B', 1)] 126.1 [  0.4  59.9 196.9  63.6]
[('LE1234', 1), ('AC254-150', 1)] 210.7 [  1.8  59.8 195.   60.9]
[('LE1234', 1), ('LBF254-200', 1)] 149.8 [  3.2  59.8 195.5  68.7]
[('LE1104', 0), ('AC508-150-B', 1)] 52.4 [  6.2   0.3 204.7 111.2]
[('LE1104', 1), ('AC254-150', 1)] 59.7 [  9.8  28.6 202.2 107. ]
[('LE1104', 1), ('LBF254-100', 1)] 182.6 [  2.6  60.  195.   80.1]
[('LA1229', 0), ('AC508-150-B', 1)] 125.7 [ 10.    4.3 201.9 125.6]
[('LA1229', 1), ('AC254-150', 1)] 138.7 [ 10.    0.7 200.7 126.5]
[('LA1229', 1), ('LBF254-100', 1)] 132.2 [  0.4  60.  195.7  90.7]
