[('AC254-050', 1)] 351.9 [  0.    0.7 140.   -5.9]
[('AC254-150', 1)] 4665.6 [ 40.   0. 160.  -0.]
[('LBF254-050', 1)] 456.3 [  2.6   2.2 142.2  -6. ]
[('LA1131', 1)] 308.6 [  0.    0.  141.6  -0. ]
[('AC254-050', 0), ('AC254-050', 1)] 54.1 [  0.   63.6 140.   -2.6]
[('AC254-050', 0), ('AC254-075-B', 1)] 54.6 [  0.   70.4 148.4  -2.8]
[('AC254-050', 0), ('AC254-150', 1)] 49.0 [  0.2  68.7 140.1  -2.7]
[('AC254-050', 0), ('AC508-150-B', 1)] 63.8 [  0.4  67.8 140.2  -2.4]
[('AC254-050', 0), ('LBF254-050', 1)] 48.4 [  0.   66.8 140.1  -2.8]
[('AC254-050', 0), ('LB1471', 1)] 115.9 [  0.   71.5 150.6  -0.2]
[('AC254-050', 0), ('LA1131', 1)] 54.7 [  0.   69.  140.   -2.6]
[('AC254-050', 0), ('LE1234', 1)] 111.4 [ 0.000e+00  6.900e+01  1.423e+02 -1.000e-01]
[('AC254-075-B', 0), ('AC254-050', 1)] 63.2 [ 13.5  99.1 150.6  -2.6]
[('AC254-075-B', 0), ('AC254-075-B', 1)] 55.3 [ 1.000e-01  8.580e+01  1.591e+02 -2.300e+00]
[('AC254-075-B', 0), ('AC254-150', 1)] 96.6 [  2.1  46.7 160.   -0. ]
[('AC254-075-B', 0), ('AC508-150-B', 1)] 57.9 [  0.   28.3 153.2  -2.2]
[('AC254-075-B', 0), ('LBF254-050', 1)] 49.0 [  0.8  99.7 152.   -2.9]
[('AC254-075-B', 0), ('LB1471', 1)] 51.3 [  0.  101.3 150.1  -2. ]
[('AC254-075-B', 0), ('LA1131', 1)] 68.3 [  0.  106.6 160.   -0.4]
[('AC254-075-B', 0), ('LE1234', 1)] 66.0 [  1.1  74.4 160.   -2.4]
[('AC254-150', 0), ('AC254-050', 1)] 582.4 [  0.   27.5 140.   -4.7]
[('AC254-150', 0), ('AC254-075-B', 1)] 211.0 [  1.   36.4 140.   -5.1]
[('AC254-150', 0), ('AC254-150', 1)] 160.5 [ 37.8   5.8 160.   -2.8]
[('AC254-150', 0), ('AC508-150-B', 1)] 205.9 [ 4.0e+01  0.0e+00  1.6e+02 -1.0e-01]
[('AC254-150', 0), ('LBF254-050', 1)] 627.8 [  0.   36.  143.6  -5. ]
[('AC254-150', 0), ('LB1471', 1)] 490.7 [  0.   27.9 140.   -2.8]
[('AC254-150', 0), ('LA1131', 1)] 459.8 [  0.    8.3 140.   -2. ]
[('AC254-150', 0), ('LE1234', 1)] 228.4 [ 28.9 118.1 154.5  -6. ]
[('AC508-150-B', 0), ('AC254-050', 1)] 583.2 [  0.   24.2 140.1  -4.8]
[('AC508-150-B', 0), ('AC254-075-B', 1)] 199.4 [  0.   31.6 140.   -5.4]
[('AC508-150-B', 0), ('AC254-150', 1)] 212.1 [ 4.0e+01  2.0e-01  1.6e+02 -1.0e-01]
[('AC508-150-B', 0), ('AC508-150-B', 1)] 208.3 [ 4.0e+01  0.0e+00  1.6e+02 -1.0e-01]
[('AC508-150-B', 0), ('LBF254-050', 1)] 623.2 [  0.5  23.3 141.1  -5.4]
[('AC508-150-B', 0), ('LB1471', 1)] 491.4 [  0.   28.5 140.   -2.6]
[('AC508-150-B', 0), ('LA1131', 1)] 459.1 [  0.    2.  140.   -2.1]
[('AC508-150-B', 0), ('LE1234', 1)] 198.1 [ 19.6  99.8 159.   -6. ]
[('LBF254-050', 0), ('AC254-050', 1)] 107.7 [  0.   66.3 141.1  -5.8]
[('LBF254-050', 0), ('AC254-075-B', 1)] 118.2 [  0.   74.4 151.6  -6. ]
[('LBF254-050', 0), ('AC254-150', 1)] 115.1 [  0.2  75.7 142.3  -6. ]
[('LBF254-050', 0), ('AC508-150-B', 1)] 159.2 [  0.   65.1 141.6  -4.8]
[('LBF254-050', 0), ('LBF254-050', 1)] 138.6 [  9.   71.5 141.7  -6. ]
[('LBF254-050', 0), ('LB1471', 1)] 242.1 [  0.   72.6 140.   -0.2]
[('LBF254-050', 0), ('LA1131', 1)] 245.1 [  0.6  73.8 140.   -0.2]
[('LBF254-050', 0), ('LE1234', 1)] 242.1 [  0.   70.4 140.6  -0.2]
[('LB1471', 0), ('AC254-050', 1)] 266.6 [  0.   69.1 140.3  -0.3]
[('LB1471', 0), ('AC254-075-B', 1)] 275.5 [  0.   70.3 140.1  -0. ]
[('LB1471', 0), ('AC254-150', 1)] 160.6 [  8.5  82.9 140.   -6. ]
[('LB1471', 0), ('AC508-150-B', 1)] 258.3 [  0.   68.3 141.   -0.4]
[('LB1471', 0), ('LBF254-050', 1)] 262.6 [  0.   72.  140.   -0.4]
