[('LB1199', 0), ('AC254-150', 0), ('AC254-075-B', 0)] NA x1.20 light x1.41 rms 7.96/9.51 eye 150.0 f/8.5 [(1.3, 8.65, 10.67)]
[('LBF254-200', 1), ('AC254-150', 0), ('AC254-075-B', 0)] NA x1.30 light x1.57 rms 8.09/10.96 eye 150.0 f/8.8 [(1.3, 8.09, 10.96), (1.4, 8.43, 11.73)]
[('AC254-150', 1), ('AC508-150-B', 0), ('AC254-050', 0)] NA x1.20 light x1.36 rms 7.63/11.19 eye 159.0 f/8.6 [(1.3, 8.02, 12.09)]
[('AC254-150', 1), ('LE1015', 0), ('AC254-075-B', 0)] NA x1.20 light x1.34 rms 7.76/9.56 eye 163.7 f/8.7 [(1.3, 8.1, 10.23)]
[('LB1294', 0), ('AC254-150', 0), ('AC254-075-B', 0)] NA x1.30 light x1.60 rms 9.14/10.71 eye 150.0 f/8.6 [(1.3, 9.14, 10.71), (1.4, 9.55, 11.19)]
[('AC508-150-B', 1), ('AC508-150-B', 0), ('AC254-050', 0)] NA x1.20 light x1.44 rms 8.79/11.21 eye 162.4 f/8.1 [(1.3, 9.77, 12.47)]
[('AC254-075-B', 0), ('AC254-075-B', 0), ('LF1822', 1)] NO [(1.2, 8.39, 13.5), (1.1, 7.18, 11.56), (1.0, 6.62, 10.72), (0.9, 6.03, 9.82)]
[('AC508-150-B', 1), ('LE1015', 0), ('AC254-075-B', 0)] NO [(1.2, 8.98, 10.35), (1.1, 7.87, 9.0), (1.0, 6.81, 7.82), (0.9, 5.85, 6.79)]
[('LBF254-200', 1), ('AC508-150-B', 0), ('AC254-075-B', 0)] NA x1.20 light x1.39 rms 9.22/11.58 eye 150.0 f/9.5 [(1.3, 9.84, 12.13)]
[('LB1199', 0), ('AC508-150-B', 0), ('AC254-075-B', 0)] NA x1.10 light x1.21 rms 8.73/9.75 eye 150.0 f/9.3 [(1.2, 9.85, 10.97), (1.1, 8.73, 9.75), (1.2, 9.85, 10.97)]
[('LB1199', 0), ('LA1979', 1), ('AC254-075-B', 0)] NA x1.10 light x1.19 rms 9.09/9.90 eye 165.3 f/8.8 [(1.2, 10.42, 11.29), (1.1, 9.09, 9.9), (1.2, 10.0, 10.84)]
[('AC508-150-B', 1), ('LA1979', 1), ('AC254-050', 0)] NA x1.10 light x1.21 rms 8.92/12.02 eye 163.4 f/8.8 [(1.2, 10.24, 13.24), (1.1, 8.92, 12.02), (1.2, 10.04, 13.53)]
[('LB1294', 0), ('AC508-150-B', 0), ('AC254-075-B', 0)] NA x1.00 light x1.00 rms 8.46/9.41 eye 150.0 f/10.6 [(1.2, 10.49, 11.52), (1.1, 9.62, 10.63), (1.0, 8.46, 9.41), (1.1, 9.42, 10.37)]
[('LBF254-200', 0), ('AC254-150', 0), ('AC254-075-B', 0)] NA x0.90 light x0.81 rms 7.09/8.46 eye 150.0 f/10.8 [(1.2, 10.03, 11.28), (1.1, 9.07, 10.18), (1.0, 8.13, 9.59), (0.9, 7.09, 8.46), (1.0, 8.13, 9.58)]
[('LA1979', 0), ('AC508-150-B', 0), ('AC254-075-B', 0)] NA x1.10 light x1.20 rms 9.13/11.31 eye 150.0 f/9.5 [(1.2, 10.3, 12.39), (1.1, 9.13, 11.31), (1.2, 10.31, 12.38)]
[('LB1199', 0), ('LA1229', 1), ('AC254-075-B', 0)] NA x1.10 light x1.17 rms 8.87/9.98 eye 151.2 f/9.1 [(1.2, 10.39, 11.76), (1.1, 8.87, 9.98), (1.2, 9.77, 11.0)]
[('AC254-150', 1), ('AC254-150', 0), ('AC254-075-B', 0)] NO [(1.2, 10.02, 12.93), (1.1, 7.68, 10.62), (1.0, 6.72, 9.53), (0.9, 6.01, 8.78)]
[('LB1294', 0), ('LA1979', 1), ('AC254-075-B', 0)] NA x1.00 light x0.98 rms 8.19/9.02 eye 156.3 f/9.8 [(1.2, 10.34, 11.65), (1.1, 9.3, 10.21), (1.0, 8.19, 9.02), (1.1, 9.06, 9.87)]
[('AC254-150', 1), ('LA1229', 1), ('AC254-075-B', 0)] NO [(1.2, 10.21, 12.62), (1.1, 8.57, 11.11), (1.0, 7.72, 10.09), (0.9, 6.86, 8.92)]
[('AC508-150-B', 1), ('AC508-150-B', 0), ('LE1234', 0)] NA x1.00 light x0.99 rms 8.25/9.63 eye 173.0 f/10.8 [(1.2, 11.03, 12.36), (1.1, 9.51, 10.95), (1.0, 8.25, 9.63), (1.1, 9.52, 10.94)]
[('LA1229', 0), ('AC254-150', 0), ('AC254-075-B', 0)] NA x1.10 light x1.19 rms 9.00/11.29 eye 150.0 f/9.7 [(1.2, 10.41, 12.53), (1.1, 9.0, 11.29), (1.2, 9.52, 12.11)]
[('LB1199', 0), ('AC508-150-B', 0), ('LE1234', 0)] NA x1.10 light x1.21 rms 9.21/12.19 eye 187.4 f/8.8 [(1.2, 10.95, 14.7), (1.1, 9.21, 12.19), (1.2, 10.95, 14.69)]
[('AC508-150-B', 1), ('AC508-150-B', 0), ('LA1131', 1)] NO [(1.2, 10.48, 14.58), (1.1, 9.38, 13.19), (1.0, 8.34, 11.84), (0.9, 7.35, 10.53)]
[('LB1294', 0), ('AC508-150-B', 0), ('LE1234', 0)] NA x0.90 light x0.80 rms 6.93/9.18 eye 181.3 f/10.8 [(1.2, 9.91, 12.21), (1.1, 8.23, 10.12), (1.0, 7.68, 9.83), (0.9, 6.93, 9.18), (1.0, 7.68, 9.82)]
[('AC508-150-B', 1), ('LE1015', 0), ('AC254-050', 0)] NA x1.00 light x0.99 rms 8.27/10.90 eye 185.2 f/9.7 [(1.2, 11.52, 15.06), (1.1, 9.45, 12.46), (1.0, 8.27, 10.9), (1.1, 9.45, 12.46)]
[('AC508-150-B', 1), ('LA1979', 1), ('AC254-075-B', 0)] NO [(1.2, 11.42, 13.5), (1.1, 10.07, 12.05), (1.0, 8.98, 10.91), (0.9, 7.75, 9.38)]
[('LB1294', 0), ('LE1015', 0), ('AC254-075-B', 0)] NA x1.00 light x1.00 rms 9.07/12.20 eye 152.0 f/9.7 [(1.2, 11.19, 14.33), (1.1, 10.3, 13.83), (1.0, 9.07, 12.2), (1.1, 10.3, 13.84)]
[('LB1294', 0), ('LBF254-200', 0), ('AC254-075-B', 0)] NA x1.00 light x0.97 rms 9.04/9.90 eye 157.1 f/10.0 [(1.2, 11.09, 12.14), (1.1, 10.36, 11.38), (1.0, 9.04, 9.9), (1.1, 10.23, 11.26)]
[('AC508-150-B', 0), ('AC254-150', 0), ('AC254-075-B', 0)] NA x1.00 light x1.00 rms 9.20/11.66 eye 150.0 f/9.7 [(1.2, 11.47, 13.55), (1.1, 10.48, 13.12), (1.0, 9.2, 11.66), (1.1, 10.48, 13.12)]
[('LA1229', 0), ('AC508-150-B', 0), ('AC254-075-B', 0)] NA x1.00 light x0.99 rms 9.12/10.24 eye 172.0 f/10.7 [(1.2, 10.7, 12.95), (1.1, 9.77, 10.85), (1.0, 9.12, 10.24), (1.1, 9.75, 10.84)]
