0 9.83 [('LBF254-200', 1), ('AC254-150', 0), ('AC254-075-B', 0)] 7.62 10.44 150.0
1 9.78 [('LB1199', 0), ('AC254-150', 0), ('AC254-075-B', 0)] 7.96 9.51 150.0
2 10.71 [('LB1294', 0), ('AC254-150', 0), ('AC254-075-B', 0)] 8.66 10.01 151.2
3 11.72 [('LBF254-200', 1), ('AC508-150-B', 0), ('AC254-075-B', 0)] 9.22 11.58 150.0
4 10.22 [('AC254-150', 1), ('LE1015', 0), ('AC254-075-B', 0)] 7.76 9.56 163.7
5 11.6 [('LB1199', 0), ('AC508-150-B', 0), ('AC254-075-B', 0)] 9.85 10.97 150.0
6 10.29 [('AC254-150', 1), ('AC508-150-B', 0), ('AC254-050', 0)] 7.63 11.19 159.0
7 12.33 [('LB1199', 0), ('LA1979', 1), ('AC254-075-B', 0)] 10.42 11.29 166.9
8 16.72 [('LB1294', 0), ('LA1229', 1), ('AC254-075-B', 0)] 9.85 10.87 150.0
9 15.17 [('LA1979', 0), ('AC254-150', 0), ('AC254-075-B', 0)] 8.26 11.13 150.0
10 10.71 [('AC508-150-B', 1), ('LE1015', 0), ('AC254-075-B', 0)] 9.04 10.3 155.4
11 12.72 [('LA1979', 0), ('AC508-150-B', 0), ('AC254-075-B', 0)] 10.3 12.39 150.0
12 10.83 [('AC508-150-B', 1), ('AC508-150-B', 0), ('AC254-050', 0)] 8.79 11.21 162.4
13 12.69 [('LB1294', 0), ('AC508-150-B', 0), ('AC254-075-B', 0)] 10.49 11.52 150.0
14 13.36 [('LB1199', 0), ('AC508-150-B', 0), ('LE1234', 0)] 10.95 14.7 182.8
15 17.29 [('AC508-150-B', 1), ('LA1229', 1), ('AC254-075-B', 0)] 10.11 12.61 150.0
16 12.6 [('LBF254-200', 0), ('AC254-150', 0), ('AC254-075-B', 0)] 10.03 11.28 150.0
17 18.45 [('LB1199', 0), ('LBF254-200', 0), ('AC254-075-B', 0)] 10.6 11.85 168.0
18 13.99 [('AC508-150-B', 1), ('LA1979', 1), ('AC254-075-B', 0)] 11.42 13.5 154.9
19 12.81 [('AC254-150', 1), ('LA1229', 1), ('AC254-075-B', 0)] 10.19 12.53 150.7
20 13.01 [('LA1229', 0), ('AC254-150', 0), ('AC254-075-B', 0)] 10.41 12.53 151.1
21 14.34 [('LB1294', 0), ('LE1015', 0), ('AC254-075-B', 0)] 11.19 14.33 151.3
22 14.41 [('LA1229', 0), ('AC508-150-B', 0), ('AC254-075-B', 0)] 10.7 12.95 165.1
23 18.92 [('LB1199', 0), ('AC254-150', 0), ('LBF254-100', 0)] 11.04 13.53 165.7
24 13.38 [('AC508-150-B', 1), ('AC508-150-B', 0), ('LA1131', 1)] 10.48 14.58 167.4
25 19.04 [('LB1294', 0), ('AC254-150', 0), ('LBF254-100', 0)] 10.77 14.2 171.2
26 18.79 [('AC254-150', 1), ('LA1979', 1), ('AC254-075-B', 0)] 10.61 12.95 166.6
27 13.93 [('AC508-150-B', 1), ('LE1015', 0), ('AC254-050', 0)] 11.52 15.06 187.9
28 21.74 [('LBF254-200', 1), ('AC508-150-B', 0), ('LE1234', 0)] 8.86 12.27 174.8
29 12.8 [('LB1294', 0), ('LA1979', 1), ('AC254-075-B', 0)] 10.34 11.65 157.7
30 19.64 [('AC254-150', 1), ('AC508-150-B', 0), ('LA1131', 1)] 10.71 17.71 162.2
31 14.91 [('LB1199', 0), ('AC508-150-B', 0), ('LE1104', 0)] 12.18 16.11 187.7
32 19.83 [('LBF254-200', 0), ('LBF254-200', 0), ('AC254-075-B', 0)] 11.56 12.64 163.6
33 15.01 [('LBF254-200', 1), ('LA1979', 1), ('AC254-075-B', 0)] 11.33 13.03 167.2
34 16.0 [('LBF254-200', 1), ('AC254-150', 0), ('LBF254-100', 0)] 11.89 17.78 157.9
35 16.06 [('LB1199', 0), ('AC508-150-B', 0), ('LE1015', 0)] 13.32 16.73 190.8
36 14.75 [('LBF254-200', 0), ('LA1979', 1), ('AC254-075-B', 0)] 11.34 12.86 160.9
37 16.21 [('AC508-150-B', 1), ('AC508-150-B', 0), ('AC508-150-B', 0)] 13.08 17.03 167.0
38 15.25 [('AC508-150-B', 1), ('AC508-150-B', 0), ('AC254-150', 0)] 12.25 15.84 161.7
39 15.58 [('LB1199', 0), ('AC508-150-B', 0), ('LBF254-100', 0)] 12.8 16.91 172.1
40 15.9 [('LB1199', 0), ('AC508-150-B', 0), ('AC254-150', 0)] 13.13 17.33 172.1
41 16.18 [('LB1294', 0), ('AC508-150-B', 0), ('LBF254-100', 0)] 12.08 14.78 169.6
42 15.82 [('LBF254-200', 1), ('AC508-150-B', 0), ('LBF254-100', 0)] 11.74 16.61 167.2
43 12.51 [('AC508-150-B', 1), ('LA1979', 1), ('AC254-050', 0)] 10.24 13.25 169.4
44 15.74 [('LBF254-200', 0), ('LA1229', 1), ('AC254-075-B', 0)] 12.36 14.59 150.0
45 12.74 [('LB1199', 0), ('LA1229', 1), ('AC254-075-B', 0)] 10.39 11.76 152.4
46 16.43 [('AC508-150-B', 1), ('AC508-150-B', 0), ('LBF254-100', 0)] 12.92 18.21 162.5
47 15.4 [('LA1229', 0), ('LE1015', 0), ('AC254-075-B', 0)] 11.8 13.3 160.9
48 14.85 [('LBF254-200', 1), ('LE1015', 0), ('AC254-075-B', 0)] 11.15 13.46 161.4
49 14.91 [('LBF254-200', 0), ('AC508-150-B', 0), ('AC254-075-B', 0)] 12.08 13.57 150.0
50 17.05 [('AC254-150', 0), ('AC254-150', 0), ('LE1234', 0)] 12.46 15.48 166.0
51 16.55 [('LB1199', 0), ('AC508-150-B', 0), ('AC508-150-B', 0)] 13.68 18.01 174.3
52 15.37 [('AC508-150-B', 1), ('LE1015', 0), ('LA1131', 1)] 12.65 16.34 172.1
53 11.59 [('AC254-075-B', 0), ('AC254-075-B', 0), ('LF1822', 1)] 8.39 13.5 167.7
54 14.85 [('AC508-150-B', 0), ('LBF254-200', 0), ('AC254-075-B', 0)] 12.44 13.1 150.0
55 15.68 [('LA1979', 0), ('LE1015', 0), ('AC254-075-B', 0)] 13.27 15.64 161.2
56 15.49 [('AC254-150', 1), ('LB1199', 0), ('AC508-150-B', 0)] 11.66 15.67 159.1
57 16.14 [('AC254-150', 1), ('AC508-150-B', 0), ('AC254-150', 0)] 11.84 16.85 161.1
58 15.74 [('AC508-150-B', 1), ('LB1199', 0), ('AC508-150-B', 0)] 13.0 16.28 162.1
59 13.51 [('LB1294', 0), ('AC508-150-B', 0), ('LE1234', 0)] 9.91 12.21 169.6
60 17.67 [('AC508-150-B', 0), ('AC508-150-B', 0), ('LE1015', 0)] 14.5 19.77 169.4
61 16.66 [('AC254-150', 1), ('AC508-150-B', 0), ('AC508-150-B', 0)] 12.5 18.19 160.0
62 17.11 [('LA1979', 0), ('AC508-150-B', 0), ('LBF254-100', 0)] 13.59 18.57 170.5
63 17.15 [('AC508-150-B', 0), ('AC508-150-B', 0), ('LE1104', 0)] 13.99 19.02 164.7
64 16.23 [('LB1294', 0), ('AC508-150-B', 0), ('LE1015', 0)] 12.22 15.66 169.6
65 14.7 [('AC508-150-B', 0), ('LA1979', 1), ('AC254-075-B', 0)] 12.45 14.79 151.2
66 21.61 [('LB1294', 0), ('AC508-150-B', 0), ('LA1229', 1)] 12.81 16.24 171.0
67 17.54 [('AC254-150', 1), ('AC508-150-B', 0), ('LBF254-100', 0)] 12.86 20.07 160.1
68 16.76 [('LA1979', 0), ('AC508-150-B', 0), ('AC254-150', 0)] 13.6 16.96 171.1
69 16.28 [('LA1979', 0), ('LA1979', 1), ('AC254-075-B', 0)] 13.57 15.42 174.8
70 21.45 [('LA1979', 0), ('AC254-150', 0), ('LBF254-100', 0)] 12.62 19.47 163.2
71 17.83 [('LA1979', 1), ('LA1229', 1), ('AC254-075-B', 0)] 14.27 16.77 150.0
72 15.71 [('LB1199', 0), ('LE1015', 0), ('AC254-075-B', 0)] 12.95 16.96 155.9
73 14.84 [('LA1979', 1), ('AC254-150', 0), ('AC254-075-B', 0)] 11.99 13.67 150.0
74 17.17 [('AC508-150-B', 1), ('AC508-150-B', 0), ('LA1979', 1)] 13.89 18.13 175.0
75 20.47 [('LA1229', 0), ('LA1229', 1), ('AC254-075-B', 0)] 12.41 13.65 156.9
76 14.45 [('LA1979', 0), ('AC508-150-B', 0), ('LE1234', 0)] 11.92 14.51 183.6
77 16.7 [('AC508-150-B', 0), ('AC508-150-B', 0), ('LE1234', 0)] 13.6 18.63 162.8
78 17.31 [('LB1199', 0), ('AC508-150-B', 0), ('LA1229', 1)] 14.31 18.76 178.4
79 18.12 [('AC508-150-B', 1), ('LB1199', 0), ('LBF254-100', 0)] 14.87 18.14 172.0
80 17.88 [('LB1199', 0), ('AC508-150-B', 0), ('LA1979', 1)] 14.8 19.33 182.1
81 20.26 [('AC508-150-B', 1), ('LBF254-200', 0), ('AC254-075-B', 0)] 12.89 14.77 155.2
82 17.8 [('LA1979', 0), ('AC508-150-B', 0), ('AC508-150-B', 0)] 14.35 18.85 170.3
83 17.52 [('AC254-150', 1), ('AC508-150-B', 1), ('LE1015', 0)] 13.45 16.52 156.4
84 13.0 [('AC508-150-B', 1), ('AC508-150-B', 0), ('LE1234', 0)] 11.05 12.64 176.3
85 18.16 [('AC254-150', 0), ('AC508-150-B', 0), ('LE1234', 0)] 13.37 17.65 160.9
86 21.65 [('AC254-150', 0), ('AC254-150', 0), ('LE1104', 0)] 12.01 15.19 170.4
87 17.81 [('LA1979', 1), ('LBF254-200', 0), ('AC254-075-B', 0)] 14.48 16.43 157.7
88 14.35 [('AC508-150-B', 0), ('AC254-150', 0), ('AC254-075-B', 0)] 11.47 13.55 150.0
89 17.94 [('LB1199', 0), ('LA1979', 1), ('AC254-150', 0)] 14.42 18.56 173.2
90 16.82 [('LB1294', 0), ('AC508-150-B', 0), ('AC508-150-B', 0)] 12.47 15.46 169.6
91 17.82 [('AC508-150-B', 1), ('AC508-150-B', 0), ('LBF254-050', 0)] 13.5 20.83 168.4
92 16.48 [('AC254-150', 0), ('LBF254-200', 0), ('AC254-075-B', 0)] 13.21 15.16 150.0
93 16.2 [('LB1294', 0), ('AC508-150-B', 0), ('AC254-150', 0)] 11.89 14.83 169.5
94 12.75 [('AC254-150', 1), ('AC254-150', 0), ('AC254-075-B', 0)] 10.02 12.93 150.0
95 18.26 [('AC508-150-B', 1), ('LE1015', 0), ('LBF254-100', 0)] 15.1 18.88 171.2
96 18.58 [('AC254-150', 0), ('AC508-150-B', 0), ('LE1104', 0)] 13.63 18.12 162.0
97 18.02 [('LBF254-200', 1), ('AC508-150-B', 0), ('LA1229', 1)] 13.53 18.57 167.2
98 21.99 [('LBF254-200', 1), ('LBF254-200', 0), ('AC254-075-B', 0)] 13.06 15.0 167.0
99 18.32 [('LB1199', 0), ('LA1979', 1), ('LBF254-100', 0)] 15.13 19.99 181.1
100 18.83 [('LBF254-200', 1), ('AC508-150-B', 0), ('LA1979', 1)] 14.2 19.38 167.2
101 18.73 [('AC254-150', 1), ('LB1199', 0), ('LBF254-100', 0)] 13.6 19.38 163.7
102 18.05 [('LB1294', 0), ('AC508-150-B', 0), ('LA1979', 1)] 13.52 16.37 169.6
103 16.22 [('AC508-150-B', 1), ('AC508-150-B', 0), ('LE1015', 0)] 13.01 16.99 173.4
104 18.81 [('AC508-150-B', 1), ('AC508-150-B', 1), ('LE1015', 0)] 15.5 20.3 151.7
105 18.22 [('LA1229', 1), ('LA1979', 1), ('AC254-075-B', 0)] 14.64 17.14 150.0
106 16.8 [('AC254-150', 1), ('LBF254-200', 0), ('AC254-075-B', 0)] 12.97 15.32 157.5
107 19.09 [('AC254-150', 0), ('AC508-150-B', 0), ('LE1015', 0)] 13.36 17.29 167.0
108 14.2 [('LB1294', 0), ('LBF254-200', 0), ('AC254-075-B', 0)] 11.09 12.14 159.1
109 19.09 [('LA1229', 1), ('LBF254-200', 0), ('AC254-075-B', 0)] 15.37 17.04 150.0
110 18.64 [('AC508-150-B', 1), ('LA1979', 1), ('AC508-150-B', 0)] 15.13 19.59 180.7
111 19.02 [('AC508-150-B', 0), ('AC254-150', 0), ('AC254-150', 0)] 14.68 18.22 163.8
112 22.71 [('LB1294', 0), ('LB1294', 0), ('AC254-075-B', 0)] 14.7 16.46 150.0
113 18.4 [('AC508-150-B', 0), ('AC254-150', 0), ('LBF254-100', 0)] 13.44 17.18 167.3
114 18.39 [('AC254-150', 1), ('AC508-150-B', 1), ('LE1104', 0)] 13.59 15.87 163.6
115 18.95 [('AC508-150-B', 0), ('AC254-150', 0), ('AC508-150-B', 0)] 14.38 17.42 167.3
116 18.65 [('AC254-150', 1), ('LE1015', 0), ('LBF254-100', 0)] 13.72 18.89 163.7
117 17.14 [('LBF254-200', 1), ('LB1199', 0), ('AC508-150-B', 0)] 12.51 15.47 167.2
118 18.37 [('AC508-150-B', 1), ('LA1979', 1), ('LBF254-100', 0)] 14.52 20.06 169.6
119 18.65 [('LB1199', 0), ('AC508-150-B', 0), ('LBF254-200', 0)] 15.46 20.24 186.5
120 15.78 [('AC508-150-B', 1), ('LA1979', 1), ('LA1131', 1)] 12.51 16.82 174.4
121 19.53 [('LA1229', 0), ('AC508-150-B', 0), ('LBF254-100', 0)] 14.59 21.17 160.0
122 19.4 [('LB1294', 0), ('LA1229', 1), ('LBF254-100', 0)] 14.62 17.95 161.6
123 19.11 [('LA1229', 0), ('LB1199', 0), ('AC508-150-B', 0)] 14.88 17.99 156.4
124 17.27 [('AC508-150-B', 1), ('AC508-150-B', 0), ('LA1229', 1)] 13.81 18.23 169.7
125 19.89 [('LA1229', 0), ('AC508-150-B', 0), ('AC508-150-B', 0)] 15.06 20.69 159.3
126 15.11 [('AC254-150', 0), ('LA1979', 1), ('AC254-075-B', 0)] 12.08 14.12 150.0
127 17.82 [('LA1979', 0), ('LB1199', 0), ('AC508-150-B', 0)] 14.77 18.76 167.8
128 18.67 [('AC254-150', 1), ('AC508-150-B', 0), ('LA1979', 1)] 13.65 20.55 163.7
129 20.32 [('LBF254-200', 0), ('AC508-150-B', 0), ('LE1015', 0)] 15.24 18.14 169.2
130 16.9 [('LA1979', 1), ('LA1979', 1), ('AC254-075-B', 0)] 14.27 17.02 157.1
131 18.63 [('AC508-150-B', 0), ('AC254-150', 0), ('LE1104', 0)] 14.81 18.05 164.7
132 19.69 [('AC254-150', 1), ('AC508-150-B', 1), ('LBF254-100', 0)] 15.32 19.18 150.0
133 19.52 [('LB1294', 0), ('LA1979', 1), ('AC508-150-B', 0)] 14.46 17.78 169.6
134 19.48 [('LB1199', 0), ('LB1199', 0), ('LE1015', 0)] 16.19 20.38 190.6
135 19.42 [('LBF254-200', 0), ('LE1015', 0), ('AC254-075-B', 0)] 15.04 19.67 151.2
136 19.87 [('AC508-150-B', 0), ('LA1979', 1), ('LE1234', 0)] 16.39 21.83 179.5
137 18.5 [('LB1294', 0), ('LA1979', 1), ('LBF254-100', 0)] 13.8 16.82 169.5
138 19.49 [('LB1199', 0), ('LB1199', 0), ('LBF254-100', 0)] 15.99 20.15 172.1
139 23.79 [('AC254-150', 1), ('AC254-150', 0), ('LBF254-100', 0)] 14.01 21.93 153.7
140 20.32 [('AC254-150', 0), ('AC254-150', 0), ('AC254-150', 0)] 14.32 18.46 167.4
141 19.25 [('AC508-150-B', 1), ('AC508-150-B', 1), ('LE1104', 0)] 16.04 20.04 158.7
142 23.57 [('LB1199', 0), ('LA1229', 1), ('LBF254-100', 0)] 14.54 17.68 166.0
143 19.37 [('LBF254-200', 0), ('LB1199', 0), ('AC254-075-B', 0)] 14.9 15.92 164.1
144 20.47 [('AC254-150', 0), ('AC254-150', 0), ('AC508-150-B', 0)] 14.38 18.74 167.4
145 19.54 [('LBF254-200', 1), ('LA1979', 1), ('LBF254-100', 0)] 14.54 20.01 167.2
146 22.99 [('AC508-150-B', 1), ('LA1229', 1), ('LBF254-100', 0)] 14.13 20.58 160.2
147 19.6 [('AC254-150', 1), ('LA1979', 0), ('AC508-150-B', 0)] 14.88 19.21 152.0
148 19.14 [('AC508-150-B', 1), ('AC254-150', 0), ('LBF254-100', 0)] 14.36 22.43 150.0
149 23.46 [('LBF254-200', 1), ('LA1229', 1), ('LBF254-100', 0)] 14.07 18.53 165.9
150 35.73 [('LBF254-100', 0), ('AC254-075-B', 0)] 28.67 33.02 150.0
151 36.12 [('LA1979', 0), ('AC254-075-B', 0)] 27.61 36.31 154.1
152 38.15 [('LBF254-200', 1), ('AC254-075-B', 0)] 28.6 37.64 156.1
153 40.47 [('AC508-150-B', 0), ('LBF254-100', 0)] 25.9 33.8 205.0
154 40.61 [('AC254-150', 0), ('LBF254-100', 0)] 25.41 33.37 170.4
155 43.39 [('LB1199', 0), ('AC254-075-B', 0)] 33.05 43.18 155.3
156 37.48 [('AC254-150', 1), ('LBF254-100', 0)] 24.23 33.69 166.6
157 39.68 [('AC508-150-B', 1), ('LBF254-100', 0)] 24.2 31.76 177.6
158 48.49 [('LBF254-200', 0), ('AC254-075-B', 0)] 35.78 48.52 156.7
159 47.53 [('LB1294', 0), ('LBF254-100', 0)] 25.18 30.96 172.1
160 50.74 [('LA1979', 1), ('AC254-075-B', 0)] 37.86 51.92 156.5
161 51.86 [('LBF254-100', 0), ('LE1234', 0)] 37.72 45.74 169.8
162 51.21 [('LBF254-100', 0), ('LBF254-100', 0)] 39.78 49.99 150.0
163 53.51 [('LBF254-100', 0), ('LE1104', 0)] 38.57 49.63 163.2
164 58.05 [('LB1199', 0), ('LBF254-100', 0)] 28.65 33.37 174.4
