0 9.9 [('LB1199', 0), ('AC508-150-B', 0), ('LF1988', 1), ('AC254-075-B', 0)] 7.83 10.39 175.6
1 11.81 [('AC508-150-B', 1), ('AC508-150-B', 0), ('LE1015', 0), ('AC254-075-B', 0)] 9.8 11.58 150.0
2 13.12 [('AC508-150-B', 1), ('AC508-150-B', 0), ('AC254-050', 0), ('LF1097', 0)] 10.71 13.07 150.0
3 13.0 [('AC508-150-B', 1), ('AC508-150-B', 0), ('LF1988', 0), ('AC254-050', 0)] 10.6 13.37 150.3
4 12.96 [('AC508-150-B', 1), ('LA1979', 1), ('LE1015', 0), ('AC254-050', 0)] 10.47 13.48 150.0
5 11.48 [('AC508-150-B', 1), ('LA1979', 1), ('LE1015', 0), ('AC254-075-B', 0)] 9.57 11.22 150.1
6 14.22 [('AC508-150-B', 1), ('LA1979', 1), ('LBF254-200', 0), ('AC254-050', 0)] 11.98 13.95 150.0
7 13.42 [('LB1199', 0), ('AC508-150-B', 0), ('AC254-075-B', 0), ('LA1979', 0)] 11.27 13.25 150.0
8 14.71 [('LB1199', 0), ('AC508-150-B', 0), ('LE1015', 0), ('AC254-075-B', 0)] 12.25 15.42 150.0
9 14.76 [('LB1199', 0), ('AC508-150-B', 0), ('AC254-075-B', 0), ('LE1015', 1)] 12.23 14.85 150.6
10 15.41 [('AC508-150-B', 1), ('LA1979', 1), ('LBF254-200', 1), ('AC254-050', 0)] 13.01 15.22 163.2
11 1000000.0 [('AC508-150-B', 1), ('LE1015', 0), ('AC254-075-B', 0), ('LA1979', 0)] None None None
12 10.69 [('AC508-150-B', 1), ('AC508-150-B', 0), ('LF1988', 1), ('AC254-050', 0)] 7.61 13.54 167.4
13 14.96 [('LB1199', 0), ('AC508-150-B', 0), ('LE1104', 0), ('AC254-075-B', 0)] 12.35 15.79 150.0
14 14.65 [('LB1199', 0), ('AC508-150-B', 0), ('AC254-075-B', 0), ('LF1988', 0)] 12.53 13.93 150.0
15 14.4 [('AC508-150-B', 1), ('LE1015', 0), ('AC254-075-B', 0), ('LF1988', 0)] 12.36 13.73 150.9
16 13.24 [('AC508-150-B', 1), ('AC508-150-B', 0), ('LF1097', 0), ('AC254-050', 0)] 10.87 13.42 150.0
17 14.11 [('AC508-150-B', 1), ('LE1015', 0), ('AC254-075-B', 0), ('LF1988', 1)] 12.04 13.62 150.0
18 1000000.0 [('LB1199', 0), ('AC508-150-B', 0), ('AC254-150', 0), ('AC254-075-B', 0)] None None None
19 12.7 [('AC508-150-B', 1), ('LB1199', 0), ('LE1015', 0), ('AC254-075-B', 0)] 10.59 12.85 150.0
20 16.04 [('LA1979', 0), ('LB1199', 0), ('AC254-150', 0), ('AC254-075-B', 0)] 13.62 14.87 150.0
21 16.26 [('LA1979', 0), ('LB1199', 0), ('AC508-150-B', 0), ('AC254-075-B', 0)] 13.79 16.16 150.0
22 16.6 [('AC508-150-B', 1), ('LE1015', 0), ('LE1015', 0), ('AC254-075-B', 0)] 13.73 17.89 150.0
23 17.82 [('LB1199', 0), ('LB1199', 0), ('AC254-150', 0), ('AC254-075-B', 0)] 14.97 17.0 150.0
24 16.08 [('AC508-150-B', 1), ('LB1199', 0), ('LA1979', 1), ('AC254-075-B', 0)] 13.38 16.75 150.0
25 16.78 [('LB1199', 0), ('LA1979', 1), ('LE1015', 0), ('AC254-075-B', 0)] 13.79 17.94 150.0
26 14.09 [('LB1199', 0), ('AC508-150-B', 0), ('LF1988', 0), ('AC254-075-B', 0)] 11.88 13.82 155.1
27 17.8 [('LB1199', 0), ('AC508-150-B', 0), ('LA1979', 1), ('AC254-075-B', 0)] 14.98 18.53 150.0
28 15.6 [('AC508-150-B', 1), ('AC508-150-B', 0), ('LC1611', 0), ('AC254-050', 0)] 13.17 15.19 169.1
29 14.87 [('LB1199', 0), ('AC508-150-B', 0), ('AC254-075-B', 0), ('LA1229', 0)] 12.31 14.98 150.1
30 15.46 [('AC508-150-B', 1), ('AC508-150-B', 0), ('LF1822', 0), ('AC254-050', 0)] 12.87 16.27 153.0
31 17.11 [('LA1979', 0), ('LB1199', 0), ('LA1979', 1), ('AC254-075-B', 0)] 14.53 16.59 150.2
32 25.23 [('LA1229', 0), ('LB1199', 0), ('AC508-150-B', 0), ('AC254-075-B', 0)] 12.02 13.71 150.0
33 26.21 [('LB1294', 0), ('AC508-150-B', 0), ('AC254-150', 0), ('AC254-075-B', 0)] 12.69 15.67 150.1
34 1000000.0 [('LB1294', 0), ('LA1979', 1), ('AC254-150', 0), ('AC254-075-B', 0)] None None None
35 16.56 [('AC508-150-B', 1), ('LA1979', 1), ('AC254-050', 0), ('LC1611', 0)] 12.99 16.97 150.0
36 16.1 [('AC508-150-B', 1), ('LA1979', 1), ('LF1097', 0), ('AC254-050', 0)] 13.32 16.19 160.8
37 17.65 [('LB1199', 0), ('LA1979', 1), ('AC254-150', 0), ('AC254-075-B', 0)] 14.31 17.11 150.0
38 30.75 [('LBF254-200', 1), ('AC508-150-B', 0), ('LE1015', 0), ('AC254-075-B', 0)] 12.09 18.81 150.1
39 18.64 [('LB1199', 0), ('LA1979', 1), ('LA1979', 1), ('AC254-075-B', 0)] 15.75 19.2 150.0
40 15.2 [('LB1199', 0), ('AC508-150-B', 0), ('AC254-075-B', 0), ('LF1988', 1)] 13.03 14.59 150.0
41 18.94 [('LB1199', 0), ('LA1979', 1), ('LE1104', 0), ('AC254-075-B', 0)] 15.38 21.16 168.8
42 1000000.0 [('LB1199', 0), ('AC508-150-B', 0), ('LA1229', 1), ('AC254-075-B', 0)] None None None
43 15.05 [('AC508-150-B', 1), ('LE1015', 0), ('AC254-075-B', 0), ('LF1097', 0)] 12.76 14.57 151.8
44 27.55 [('LB1294', 0), ('LB1199', 0), ('AC254-150', 0), ('AC254-075-B', 0)] 13.79 15.11 150.5
45 19.19 [('LB1199', 0), ('AC508-150-B', 0), ('LBF254-200', 0), ('AC254-075-B', 0)] 16.12 20.05 150.0
46 15.72 [('LB1199', 0), ('AC508-150-B', 0), ('AC254-075-B', 0), ('LF1097', 0)] 13.03 14.59 152.1
47 19.16 [('LB1199', 0), ('LB1199', 0), ('AC508-150-B', 0), ('AC254-075-B', 0)] 16.21 19.47 150.1
48 11.33 [('AC508-150-B', 1), ('LE1015', 0), ('LF1988', 1), ('AC254-075-B', 0)] 9.19 11.77 169.6
49 14.31 [('LB1199', 0), ('AC508-150-B', 0), ('AC254-075-B', 0), ('LBF254-200', 1)] 11.99 14.15 150.0
50 19.57 [('AC508-150-B', 1), ('LE1015', 0), ('LA1979', 1), ('AC254-075-B', 0)] 16.07 21.73 150.0
51 16.67 [('AC508-150-B', 1), ('LE1015', 0), ('LE1104', 0), ('AC254-075-B', 0)] 13.78 17.9 150.0
52 19.17 [('LB1199', 0), ('LA1979', 1), ('LA1229', 1), ('AC254-075-B', 0)] 15.72 19.05 150.0
53 14.16 [('LB1199', 0), ('AC508-150-B', 0), ('AC254-075-B', 0), ('LB1294', 0)] 11.88 14.0 150.0
54 16.38 [('AC508-150-B', 1), ('LB1199', 0), ('AC254-150', 0), ('AC254-075-B', 0)] 13.9 15.77 150.0
55 13.55 [('LB1199', 0), ('AC508-150-B', 0), ('AC254-075-B', 0), ('AC254-150', 0)] 11.39 13.24 150.0
56 14.32 [('AC508-150-B', 1), ('AC508-150-B', 0), ('AC254-050', 0), ('LC1715', 0)] 11.96 13.66 150.0
57 13.47 [('LB1199', 0), ('AC508-150-B', 0), ('AC254-075-B', 0), ('LB1199', 0)] 11.32 13.17 151.4
58 20.03 [('LB1199', 0), ('LA1979', 1), ('AC508-150-B', 0), ('AC254-075-B', 0)] 16.78 21.28 150.0
59 18.98 [('LB1199', 0), ('LB1199', 0), ('LA1979', 1), ('AC254-075-B', 0)] 16.3 18.51 150.0
